// Jest Snapshot v1, https://goo.gl/fbAQLP

exports[`getMatchMapStats 1`] = `
Object {
  "date": 1616065500000,
  "event": Object {
    "id": 5785,
    "name": "Snow Sweet Snow 3 Regionals",
  },
  "id": 116688,
  "map": "de_vertigo",
  "matchId": 2347210,
  "overview": Object {
    "bestRating2": Object {
      "id": 16410,
      "name": "Duplicate",
      "value": 1.53,
    },
    "clutchesWon": Object {
      "team1": 1,
      "team2": 1,
    },
    "firstKills": Object {
      "team1": 18,
      "team2": 8,
    },
    "mostAWPKills": Object {
      "id": 12379,
      "name": "Impulse",
      "value": 19,
    },
    "mostAssists": Object {
      "id": 3730,
      "name": "HOLMES",
      "value": 7,
    },
    "mostDamage": Object {
      "id": 12379,
      "name": "Impulse",
      "value": 108,
    },
    "mostFirstKills": Object {
      "id": 13466,
      "name": "dennyslaw",
      "value": 8,
    },
    "mostKills": Object {
      "id": 12379,
      "name": "Impulse",
      "value": 30,
    },
    "rating": Object {
      "team1": 1.27,
      "team2": 0.85,
    },
  },
  "performanceOverview": Object {
    "team1": Object {},
    "team2": Object {},
  },
  "playerStats": Object {
    "team1": Array [
      Object {
        "ADR": 107.9,
        "KAST": 76.9,
        "assists": 8,
        "deaths": 15,
        "firstKillsDifference": -3,
        "flashAssists": 1,
        "hsKills": 11,
        "killDeathsDifference": 8,
        "kills": 23,
        "player": Object {
          "id": 16410,
          "name": "Duplicate",
        },
        "rating1": 1.53,
      },
      Object {
        "ADR": 71,
        "KAST": 80.8,
        "assists": 4,
        "deaths": 15,
        "firstKillsDifference": 6,
        "flashAssists": 3,
        "hsKills": 13,
        "killDeathsDifference": 8,
        "kills": 23,
        "player": Object {
          "id": 13466,
          "name": "dennyslaw",
        },
        "rating1": 1.4,
      },
      Object {
        "ADR": 73.5,
        "KAST": 80.8,
        "assists": 6,
        "deaths": 13,
        "firstKillsDifference": 1,
        "flashAssists": 1,
        "hsKills": 7,
        "killDeathsDifference": 6,
        "kills": 19,
        "player": Object {
          "id": 17145,
          "name": "Rainwaker",
        },
        "rating1": 1.21,
      },
      Object {
        "ADR": 65,
        "KAST": 80.8,
        "assists": 1,
        "deaths": 15,
        "firstKillsDifference": 3,
        "flashAssists": 0,
        "hsKills": 10,
        "killDeathsDifference": 2,
        "kills": 17,
        "player": Object {
          "id": 18697,
          "name": "oxygeN",
        },
        "rating1": 1.09,
      },
      Object {
        "ADR": 75.8,
        "KAST": 73.1,
        "assists": 7,
        "deaths": 18,
        "firstKillsDifference": 3,
        "flashAssists": 2,
        "hsKills": 9,
        "killDeathsDifference": -2,
        "kills": 16,
        "player": Object {
          "id": 11343,
          "name": "SHiPZ",
        },
        "rating1": 1.09,
      },
    ],
    "team2": Array [
      Object {
        "ADR": 104.8,
        "KAST": 72.7,
        "assists": 3,
        "deaths": 7,
        "firstKillsDifference": -1,
        "flashAssists": 2,
        "hsKills": 4,
        "killDeathsDifference": 6,
        "kills": 13,
        "player": Object {
          "id": 12379,
          "name": "Impulse",
        },
        "rating1": 1.59,
      },
      Object {
        "ADR": 62.5,
        "KAST": 72.7,
        "assists": 1,
        "deaths": 8,
        "firstKillsDifference": -1,
        "flashAssists": 0,
        "hsKills": 4,
        "killDeathsDifference": -1,
        "kills": 7,
        "player": Object {
          "id": 3732,
          "name": "DiMKE",
        },
        "rating1": 1.16,
      },
      Object {
        "ADR": 88.3,
        "KAST": 81.8,
        "assists": 2,
        "deaths": 9,
        "firstKillsDifference": 1,
        "flashAssists": 0,
        "hsKills": 4,
        "killDeathsDifference": 1,
        "kills": 10,
        "player": Object {
          "id": 5351,
          "name": "aVN",
        },
        "rating1": 1.22,
      },
      Object {
        "ADR": 70.6,
        "KAST": 63.6,
        "assists": 4,
        "deaths": 8,
        "firstKillsDifference": 0,
        "flashAssists": 3,
        "hsKills": 3,
        "killDeathsDifference": -2,
        "kills": 6,
        "player": Object {
          "id": 4218,
          "name": "Dav",
        },
        "rating1": 0.88,
      },
      Object {
        "ADR": 50.1,
        "KAST": 63.6,
        "assists": 5,
        "deaths": 8,
        "firstKillsDifference": -2,
        "flashAssists": 2,
        "hsKills": 1,
        "killDeathsDifference": -6,
        "kills": 2,
        "player": Object {
          "id": 3730,
          "name": "HOLMES",
        },
        "rating1": 0.62,
      },
    ],
  },
  "result": Object {
    "halfResults": Array [
      Object {
        "team1Rounds": 11,
        "team2Rounds": 4,
      },
      Object {
        "team1Rounds": 5,
        "team2Rounds": 6,
      },
    ],
    "team1TotalRounds": 16,
    "team2TotalRounds": 10,
  },
  "roundHistory": Array [],
  "team1": Object {
    "id": 10386,
    "name": "SKADE",
  },
  "team2": Object {
    "id": 11001,
    "name": "ONYX",
  },
}
`;

exports[`getMatchMapStats 2`] = `
Object {
  "date": 1544901600000,
  "event": Object {
    "id": 4205,
    "name": "BLAST Pro Series Lisbon 2018",
  },
  "id": 79440,
  "map": "de_overpass",
  "matchId": 2329728,
  "overview": Object {
    "bestRating2": Object {
      "id": 7998,
      "name": "s1mple",
      "value": 1.61,
    },
    "clutchesWon": Object {
      "team1": 0,
      "team2": 3,
    },
    "firstKills": Object {
      "team1": 10,
      "team2": 13,
    },
    "mostAWPKills": Object {
      "id": 7998,
      "name": "s1mple",
      "value": 9,
    },
    "mostAssists": Object {
      "id": 484,
      "name": "Zeus",
      "value": 9,
    },
    "mostDamage": Object {
      "id": 7398,
      "name": "dupreeh",
      "value": 99.9,
    },
    "mostFirstKills": Object {
      "id": 8918,
      "name": "electroNic",
      "value": 5,
    },
    "mostKills": Object {
      "id": 7398,
      "name": "dupreeh",
      "value": 23,
    },
    "rating": Object {
      "team1": 0.81,
      "team2": 1.28,
    },
  },
  "performanceOverview": Object {
    "team1": Object {},
    "team2": Object {},
  },
  "playerStats": Object {
    "team1": Array [
      Object {
        "ADR": 99.9,
        "KAST": 78.3,
        "assists": 1,
        "deaths": 19,
        "firstKillsDifference": 1,
        "flashAssists": 0,
        "hsKills": 9,
        "killDeathsDifference": 4,
        "kills": 23,
        "player": Object {
          "id": 7398,
          "name": "dupreeh",
        },
        "rating1": 1.32,
      },
      Object {
        "ADR": 78.7,
        "KAST": 56.5,
        "assists": 4,
        "deaths": 17,
        "firstKillsDifference": 0,
        "flashAssists": 1,
        "hsKills": 9,
        "killDeathsDifference": -3,
        "kills": 14,
        "player": Object {
          "id": 9032,
          "name": "Magisk",
        },
        "rating1": 0.89,
      },
      Object {
        "ADR": 70,
        "KAST": 60.9,
        "assists": 3,
        "deaths": 19,
        "firstKillsDifference": 0,
        "flashAssists": 1,
        "hsKills": 4,
        "killDeathsDifference": -7,
        "kills": 12,
        "player": Object {
          "id": 7592,
          "name": "device",
        },
        "rating1": 0.72,
      },
      Object {
        "ADR": 50.3,
        "KAST": 52.2,
        "assists": 3,
        "deaths": 16,
        "firstKillsDifference": -3,
        "flashAssists": 1,
        "hsKills": 4,
        "killDeathsDifference": -7,
        "kills": 9,
        "player": Object {
          "id": 7412,
          "name": "gla1ve",
        },
        "rating1": 0.56,
      },
      Object {
        "ADR": 54.2,
        "KAST": 52.2,
        "assists": 2,
        "deaths": 19,
        "firstKillsDifference": -1,
        "flashAssists": 0,
        "hsKills": 1,
        "killDeathsDifference": -12,
        "kills": 7,
        "player": Object {
          "id": 4954,
          "name": "Xyp9x",
        },
        "rating1": 0.53,
      },
    ],
    "team2": Array [
      Object {
        "ADR": 107.5,
        "KAST": 86.7,
        "assists": 1,
        "deaths": 7,
        "firstKillsDifference": 1,
        "flashAssists": 0,
        "hsKills": 9,
        "killDeathsDifference": 10,
        "kills": 17,
        "player": Object {
          "id": 7998,
          "name": "s1mple",
        },
        "rating1": 1.82,
      },
      Object {
        "ADR": 102.3,
        "KAST": 66.7,
        "assists": 3,
        "deaths": 9,
        "firstKillsDifference": 2,
        "flashAssists": 1,
        "hsKills": 8,
        "killDeathsDifference": 6,
        "kills": 15,
        "player": Object {
          "id": 8918,
          "name": "electroNic",
        },
        "rating1": 1.64,
      },
      Object {
        "ADR": 73.2,
        "KAST": 86.7,
        "assists": 2,
        "deaths": 8,
        "firstKillsDifference": 2,
        "flashAssists": 0,
        "hsKills": 3,
        "killDeathsDifference": 3,
        "kills": 11,
        "player": Object {
          "id": 483,
          "name": "Edward",
        },
        "rating1": 1.34,
      },
      Object {
        "ADR": 61.7,
        "KAST": 60,
        "assists": 4,
        "deaths": 9,
        "firstKillsDifference": -1,
        "flashAssists": 2,
        "hsKills": 5,
        "killDeathsDifference": 1,
        "kills": 10,
        "player": Object {
          "id": 7594,
          "name": "flamie",
        },
        "rating1": 1.06,
      },
      Object {
        "ADR": 78.1,
        "KAST": 73.3,
        "assists": 7,
        "deaths": 11,
        "firstKillsDifference": -1,
        "flashAssists": 1,
        "hsKills": 2,
        "killDeathsDifference": -3,
        "kills": 8,
        "player": Object {
          "id": 484,
          "name": "Zeus",
        },
        "rating1": 0.96,
      },
    ],
  },
  "result": Object {
    "halfResults": Array [
      Object {
        "team1Rounds": 4,
        "team2Rounds": 11,
      },
      Object {
        "team1Rounds": 3,
        "team2Rounds": 5,
      },
    ],
    "team1TotalRounds": 7,
    "team2TotalRounds": 16,
  },
  "roundHistory": Array [],
  "team1": Object {
    "id": 6665,
    "name": "Astralis",
  },
  "team2": Object {
    "id": 4608,
    "name": "Natus Vincere",
  },
}
`;

exports[`getMatchMapStats 3`] = `
Object {
  "date": 1370372400000,
  "event": Object {
    "id": 1147,
    "name": "RaidCall EMS One Summer 2013 Cup #4",
  },
  "id": 14783,
  "map": "de_inferno",
  "matchId": 2249891,
  "overview": Object {
    "bestRating1": Object {
      "id": 735,
      "name": "Dosia",
      "value": 1.3,
    },
    "clutchesWon": Object {
      "team1": 2,
      "team2": 2,
    },
    "firstKills": Object {
      "team1": 13,
      "team2": 16,
    },
    "mostAWPKills": Object {
      "id": 2757,
      "name": "GuardiaN",
      "value": 15,
    },
    "mostAssists": Object {
      "id": 7154,
      "name": "Pimp",
      "value": 7,
    },
    "mostFirstKills": Object {
      "id": 7413,
      "name": "Nico",
      "value": 6,
    },
    "mostKills": Object {
      "id": 735,
      "name": "Dosia",
      "value": 24,
    },
    "rating": Object {
      "team1": 0.91,
      "team2": 1.11,
    },
  },
  "performanceOverview": Object {
    "team1": Object {},
    "team2": Object {},
  },
  "playerStats": Object {
    "team1": Array [
      Object {
        "ADR": undefined,
        "KAST": undefined,
        "assists": 7,
        "deaths": 19,
        "firstKillsDifference": -1,
        "flashAssists": 0,
        "hsKills": 7,
        "killDeathsDifference": -1,
        "kills": 18,
        "player": Object {
          "id": 7154,
          "name": "Pimp",
        },
        "rating1": 1.04,
      },
      Object {
        "ADR": undefined,
        "KAST": undefined,
        "assists": 3,
        "deaths": 21,
        "firstKillsDifference": 1,
        "flashAssists": 0,
        "hsKills": 3,
        "killDeathsDifference": -1,
        "kills": 20,
        "player": Object {
          "id": 7413,
          "name": "Nico",
        },
        "rating1": 0.98,
      },
      Object {
        "ADR": undefined,
        "KAST": undefined,
        "assists": 2,
        "deaths": 21,
        "firstKillsDifference": -1,
        "flashAssists": 0,
        "hsKills": 11,
        "killDeathsDifference": -1,
        "kills": 20,
        "player": Object {
          "id": 6796,
          "name": "Nille",
        },
        "rating1": 0.96,
      },
      Object {
        "ADR": undefined,
        "KAST": undefined,
        "assists": 4,
        "deaths": 19,
        "firstKillsDifference": -1,
        "flashAssists": 0,
        "hsKills": 10,
        "killDeathsDifference": -3,
        "kills": 16,
        "player": Object {
          "id": 7156,
          "name": "MSL",
        },
        "rating1": 0.84,
      },
      Object {
        "ADR": undefined,
        "KAST": undefined,
        "assists": 6,
        "deaths": 23,
        "firstKillsDifference": -1,
        "flashAssists": 0,
        "hsKills": 4,
        "killDeathsDifference": -7,
        "kills": 16,
        "player": Object {
          "id": 7412,
          "name": "gla1ve",
        },
        "rating1": 0.75,
      },
    ],
    "team2": Array [
      Object {
        "ADR": undefined,
        "KAST": undefined,
        "assists": 3,
        "deaths": 10,
        "firstKillsDifference": -1,
        "flashAssists": 0,
        "hsKills": 7,
        "killDeathsDifference": -2,
        "kills": 8,
        "player": Object {
          "id": 735,
          "name": "Dosia",
        },
        "rating1": undefined,
      },
      Object {
        "ADR": undefined,
        "KAST": undefined,
        "assists": 0,
        "deaths": 12,
        "firstKillsDifference": 0,
        "flashAssists": 0,
        "hsKills": 1,
        "killDeathsDifference": -6,
        "kills": 6,
        "player": Object {
          "id": 2757,
          "name": "GuardiaN",
        },
        "rating1": undefined,
      },
      Object {
        "ADR": undefined,
        "KAST": undefined,
        "assists": 2,
        "deaths": 11,
        "firstKillsDifference": 0,
        "flashAssists": 0,
        "hsKills": 3,
        "killDeathsDifference": -4,
        "kills": 7,
        "player": Object {
          "id": 302,
          "name": "kUcheR",
        },
        "rating1": undefined,
      },
      Object {
        "ADR": undefined,
        "KAST": undefined,
        "assists": 0,
        "deaths": 10,
        "firstKillsDifference": -1,
        "flashAssists": 0,
        "hsKills": 7,
        "killDeathsDifference": 0,
        "kills": 10,
        "player": Object {
          "id": 737,
          "name": "Fox",
        },
        "rating1": undefined,
      },
      Object {
        "ADR": undefined,
        "KAST": undefined,
        "assists": 2,
        "deaths": 11,
        "firstKillsDifference": 3,
        "flashAssists": 0,
        "hsKills": 11,
        "killDeathsDifference": 2,
        "kills": 13,
        "player": Object {
          "id": 339,
          "name": "ANGE1",
        },
        "rating1": undefined,
      },
    ],
  },
  "result": Object {
    "halfResults": Array [
      Object {
        "team1Rounds": 10,
        "team2Rounds": 5,
      },
      Object {
        "team1Rounds": 3,
        "team2Rounds": 11,
      },
    ],
    "team1TotalRounds": 13,
    "team2TotalRounds": 16,
  },
  "roundHistory": Array [],
  "team1": Object {
    "id": 4775,
    "name": "Western Wolves",
  },
  "team2": Object {
    "id": 4555,
    "name": "Virtus.pro",
  },
}
`;
