// Jest Snapshot v1, https://goo.gl/fbAQLP

exports[`getMatchStats 1`] = `
Object {
  "date": 1544901600000,
  "event": Object {
    "id": 4205,
    "name": "BLAST Pro Series Lisbon 2018",
  },
  "id": 62979,
  "mapStatIds": Array [
    79440,
    79446,
    79452,
  ],
  "matchId": 2329728,
  "overview": Object {
    "bestRating2": Object {
      "id": 7398,
      "name": "dupreeh",
      "value": 1.34,
    },
    "clutchesWon": Object {
      "team1": 0,
      "team2": 3,
    },
    "firstKills": Object {
      "team1": 41,
      "team2": 27,
    },
    "mostAWPKills": Object {
      "id": 7592,
      "name": "device",
      "value": 23,
    },
    "mostAssists": Object {
      "id": 7412,
      "name": "gla1ve",
      "value": 13,
    },
    "mostDamage": Object {
      "id": 7398,
      "name": "dupreeh",
      "value": 93.3,
    },
    "mostFirstKills": Object {
      "id": 7398,
      "name": "dupreeh",
      "value": 12,
    },
    "mostKills": Object {
      "id": 7398,
      "name": "dupreeh",
      "value": 58,
    },
  },
  "performanceOverview": Object {
    "team1": Object {
      "assists": 48,
      "deaths": 203,
      "kills": 240,
    },
    "team2": Object {
      "assists": 33,
      "deaths": 240,
      "kills": 203,
    },
  },
  "playerStats": Object {
    "team1": Array [
      Object {
        "ADR": 93.3,
        "KAST": 80.9,
        "assists": 13,
        "deaths": 47,
        "deathsPerRound": 0.69,
        "firstKillsDifference": 4,
        "flashAssists": 4,
        "hsKills": 24,
        "impact": 1.45,
        "killDeathsDifference": 11,
        "kills": 58,
        "killsPerRound": 0.85,
        "player": Object {
          "id": 7398,
          "name": "dupreeh",
        },
        "rating1": 1.34,
      },
      Object {
        "ADR": 79.4,
        "KAST": 75,
        "assists": 13,
        "deaths": 34,
        "deathsPerRound": 0.5,
        "firstKillsDifference": 5,
        "flashAssists": 5,
        "hsKills": 34,
        "impact": 1.3,
        "killDeathsDifference": 18,
        "kills": 52,
        "killsPerRound": 0.76,
        "player": Object {
          "id": 9032,
          "name": "Magisk",
        },
        "rating1": 1.27,
      },
      Object {
        "ADR": 76,
        "KAST": 69.1,
        "assists": 10,
        "deaths": 40,
        "deathsPerRound": 0.59,
        "firstKillsDifference": 4,
        "flashAssists": 3,
        "hsKills": 13,
        "impact": 1.11,
        "killDeathsDifference": 8,
        "kills": 48,
        "killsPerRound": 0.71,
        "player": Object {
          "id": 7592,
          "name": "device",
        },
        "rating1": 1.1,
      },
      Object {
        "ADR": 71.2,
        "KAST": 69.1,
        "assists": 15,
        "deaths": 40,
        "deathsPerRound": 0.59,
        "firstKillsDifference": 1,
        "flashAssists": 2,
        "hsKills": 13,
        "impact": 0.98,
        "killDeathsDifference": 1,
        "kills": 41,
        "killsPerRound": 0.6,
        "player": Object {
          "id": 7412,
          "name": "gla1ve",
        },
        "rating1": 1.01,
      },
      Object {
        "ADR": 72.1,
        "KAST": 67.6,
        "assists": 13,
        "deaths": 42,
        "deathsPerRound": 0.62,
        "firstKillsDifference": 0,
        "flashAssists": 2,
        "hsKills": 12,
        "impact": 0.81,
        "killDeathsDifference": -1,
        "kills": 41,
        "killsPerRound": 0.6,
        "player": Object {
          "id": 4954,
          "name": "Xyp9x",
        },
        "rating1": 0.96,
      },
    ],
    "team2": Array [
      Object {
        "ADR": 85.2,
        "KAST": 66.7,
        "assists": 5,
        "deaths": 29,
        "deathsPerRound": 0.65,
        "firstKillsDifference": 0,
        "flashAssists": 2,
        "hsKills": 19,
        "impact": 1.27,
        "killDeathsDifference": 9,
        "kills": 38,
        "killsPerRound": 0.79,
        "player": Object {
          "id": 7998,
          "name": "s1mple",
        },
        "rating1": 1.26,
      },
      Object {
        "ADR": 62.9,
        "KAST": 57.8,
        "assists": 8,
        "deaths": 34,
        "deathsPerRound": 0.71,
        "firstKillsDifference": -5,
        "flashAssists": 3,
        "hsKills": 17,
        "impact": 0.92,
        "killDeathsDifference": -8,
        "kills": 26,
        "killsPerRound": 0.65,
        "player": Object {
          "id": 7594,
          "name": "flamie",
        },
        "rating1": 0.89,
      },
      Object {
        "ADR": 69.2,
        "KAST": 46.7,
        "assists": 6,
        "deaths": 34,
        "deathsPerRound": 0.75,
        "firstKillsDifference": 0,
        "flashAssists": 2,
        "hsKills": 12,
        "impact": 1.22,
        "killDeathsDifference": -8,
        "kills": 26,
        "killsPerRound": 0.6,
        "player": Object {
          "id": 8918,
          "name": "electroNic",
        },
        "rating1": 0.93,
      },
      Object {
        "ADR": 51.8,
        "KAST": 64.4,
        "assists": 3,
        "deaths": 32,
        "deathsPerRound": 0.68,
        "firstKillsDifference": -3,
        "flashAssists": 0,
        "hsKills": 9,
        "impact": 0.61,
        "killDeathsDifference": -7,
        "kills": 25,
        "killsPerRound": 0.62,
        "player": Object {
          "id": 483,
          "name": "Edward",
        },
        "rating1": 0.82,
      },
      Object {
        "ADR": 48.4,
        "KAST": 55.6,
        "assists": 13,
        "deaths": 34,
        "deathsPerRound": 0.75,
        "firstKillsDifference": -3,
        "flashAssists": 5,
        "hsKills": 6,
        "impact": 0.4,
        "killDeathsDifference": -18,
        "kills": 16,
        "killsPerRound": 0.32,
        "player": Object {
          "id": 484,
          "name": "Zeus",
        },
        "rating1": 0.62,
      },
    ],
  },
  "result": Object {
    "team1MapsWon": 2,
    "team2MapsWon": 1,
  },
  "team1": Object {
    "id": 6665,
    "name": "Astralis",
  },
  "team2": Object {
    "id": 4608,
    "name": "Natus Vincere",
  },
}
`;

exports[`getMatchStats 2`] = `
Object {
  "date": 1370372400000,
  "event": Object {
    "id": 1147,
    "name": "RaidCall EMS One Summer 2013 Cup #4",
  },
  "id": 22124,
  "mapStatIds": Array [],
  "matchId": 2249884,
  "overview": Object {
    "bestRating1": Object {
      "id": 2469,
      "name": "cajunb",
      "value": 1.71,
    },
    "clutchesWon": Object {
      "team1": 1,
      "team2": 0,
    },
    "firstKills": Object {
      "team1": 4,
      "team2": 16,
    },
    "mostAWPKills": Object {
      "id": 7592,
      "name": "device",
      "value": 12,
    },
    "mostAssists": Object {
      "id": 7398,
      "name": "dupreeh",
      "value": 8,
    },
    "mostFirstKills": Object {
      "id": 7592,
      "name": "device",
      "value": 9,
    },
    "mostKills": Object {
      "id": 7592,
      "name": "device",
      "value": 22,
    },
  },
  "performanceOverview": Object {
    "team1": Object {
      "assists": 4,
      "deaths": 91,
      "kills": 41,
    },
    "team2": Object {
      "assists": 21,
      "deaths": 41,
      "kills": 91,
    },
  },
  "playerStats": Object {
    "team1": Array [
      Object {
        "ADR": undefined,
        "KAST": undefined,
        "assists": 1,
        "deaths": 17,
        "firstKillsDifference": -2,
        "flashAssists": 0,
        "hsKills": 10,
        "killDeathsDifference": -2,
        "kills": 15,
        "player": Object {
          "id": 7679,
          "name": "paynt",
        },
        "rating1": 0.98,
      },
      Object {
        "ADR": undefined,
        "KAST": undefined,
        "assists": 0,
        "deaths": 17,
        "firstKillsDifference": -1,
        "flashAssists": 0,
        "hsKills": 2,
        "killDeathsDifference": -7,
        "kills": 10,
        "player": Object {
          "id": 7612,
          "name": "jakem",
        },
        "rating1": 0.66,
      },
      Object {
        "ADR": undefined,
        "KAST": undefined,
        "assists": 3,
        "deaths": 18,
        "firstKillsDifference": -1,
        "flashAssists": 0,
        "hsKills": 4,
        "killDeathsDifference": -12,
        "kills": 6,
        "player": Object {
          "id": 7294,
          "name": "mole",
        },
        "rating1": 0.39,
      },
      Object {
        "ADR": undefined,
        "KAST": undefined,
        "assists": 0,
        "deaths": 20,
        "firstKillsDifference": -5,
        "flashAssists": 0,
        "hsKills": 3,
        "killDeathsDifference": -13,
        "kills": 7,
        "player": Object {
          "id": 7715,
          "name": "ralleh",
        },
        "rating1": 0.35,
      },
      Object {
        "ADR": undefined,
        "KAST": undefined,
        "assists": 0,
        "deaths": 19,
        "firstKillsDifference": -3,
        "flashAssists": 0,
        "hsKills": 0,
        "killDeathsDifference": -16,
        "kills": 3,
        "player": Object {
          "id": 6318,
          "name": "wilzOOO",
        },
        "rating1": 0.17,
      },
    ],
    "team2": Array [
      Object {
        "ADR": undefined,
        "KAST": undefined,
        "assists": 1,
        "deaths": 2,
        "firstKillsDifference": 1,
        "flashAssists": 0,
        "hsKills": 5,
        "killDeathsDifference": 6,
        "kills": 8,
        "player": Object {
          "id": 2469,
          "name": "cajunb",
        },
        "rating1": undefined,
      },
      Object {
        "ADR": undefined,
        "KAST": undefined,
        "assists": 1,
        "deaths": 4,
        "firstKillsDifference": 1,
        "flashAssists": 0,
        "hsKills": 1,
        "killDeathsDifference": -1,
        "kills": 3,
        "player": Object {
          "id": 7592,
          "name": "device",
        },
        "rating1": undefined,
      },
      Object {
        "ADR": undefined,
        "KAST": undefined,
        "assists": 2,
        "deaths": 4,
        "firstKillsDifference": 0,
        "flashAssists": 0,
        "hsKills": 3,
        "killDeathsDifference": 1,
        "kills": 5,
        "player": Object {
          "id": 7584,
          "name": "wantz",
        },
        "rating1": undefined,
      },
      Object {
        "ADR": undefined,
        "KAST": undefined,
        "assists": 0,
        "deaths": 1,
        "firstKillsDifference": 0,
        "flashAssists": 0,
        "hsKills": 3,
        "killDeathsDifference": 4,
        "kills": 5,
        "player": Object {
          "id": 7398,
          "name": "dupreeh",
        },
        "rating1": undefined,
      },
      Object {
        "ADR": undefined,
        "KAST": undefined,
        "assists": 1,
        "deaths": 2,
        "firstKillsDifference": 1,
        "flashAssists": 0,
        "hsKills": 1,
        "killDeathsDifference": 0,
        "kills": 2,
        "player": Object {
          "id": 7582,
          "name": "FeTiSh",
        },
        "rating1": undefined,
      },
    ],
  },
  "result": Object {
    "team1MapsWon": 4,
    "team2MapsWon": 16,
  },
  "team1": Object {
    "id": 4822,
    "name": "Reason",
  },
  "team2": Object {
    "id": 4548,
    "name": "CPH Wolves",
  },
}
`;

exports[`getMatchStats 3`] = `
Object {
  "date": 1616065500000,
  "event": Object {
    "id": 5785,
    "name": "Snow Sweet Snow 3 Regionals",
  },
  "id": 79928,
  "mapStatIds": Array [
    116688,
    116692,
  ],
  "matchId": 2347210,
  "overview": Object {
    "bestRating2": Object {
      "id": 16410,
      "name": "Duplicate",
      "value": 1.43,
    },
    "clutchesWon": Object {
      "team1": 3,
      "team2": 1,
    },
    "firstKills": Object {
      "team1": 35,
      "team2": 17,
    },
    "mostAWPKills": Object {
      "id": 12379,
      "name": "Impulse",
      "value": 26,
    },
    "mostAssists": Object {
      "id": 16410,
      "name": "Duplicate",
      "value": 9,
    },
    "mostDamage": Object {
      "id": 16410,
      "name": "Duplicate",
      "value": 94.8,
    },
    "mostFirstKills": Object {
      "id": 13466,
      "name": "dennyslaw",
      "value": 14,
    },
    "mostKills": Object {
      "id": 16410,
      "name": "Duplicate",
      "value": 43,
    },
  },
  "performanceOverview": Object {
    "team1": Object {
      "assists": 32,
      "deaths": 147,
      "kills": 192,
    },
    "team2": Object {
      "assists": 26,
      "deaths": 192,
      "kills": 147,
    },
  },
  "playerStats": Object {
    "team1": Array [
      Object {
        "ADR": 94.8,
        "KAST": 75,
        "assists": 10,
        "deaths": 32,
        "deathsPerRound": 0.62,
        "firstKillsDifference": 1,
        "flashAssists": 1,
        "hsKills": 22,
        "impact": 1.55,
        "killDeathsDifference": 11,
        "kills": 43,
        "killsPerRound": 0.83,
        "player": Object {
          "id": 16410,
          "name": "Duplicate",
        },
        "rating1": 1.43,
      },
      Object {
        "ADR": 72.6,
        "KAST": 80.8,
        "assists": 8,
        "deaths": 29,
        "deathsPerRound": 0.56,
        "firstKillsDifference": 10,
        "flashAssists": 3,
        "hsKills": 23,
        "impact": 1.61,
        "killDeathsDifference": 14,
        "kills": 43,
        "killsPerRound": 0.83,
        "player": Object {
          "id": 13466,
          "name": "dennyslaw",
        },
        "rating1": 1.37,
      },
      Object {
        "ADR": 89.4,
        "KAST": 73.1,
        "assists": 12,
        "deaths": 33,
        "deathsPerRound": 0.63,
        "firstKillsDifference": 4,
        "flashAssists": 5,
        "hsKills": 29,
        "impact": 1.42,
        "killDeathsDifference": 10,
        "kills": 43,
        "killsPerRound": 0.83,
        "player": Object {
          "id": 11343,
          "name": "SHiPZ",
        },
        "rating1": 1.3,
      },
      Object {
        "ADR": 80.4,
        "KAST": 80.8,
        "assists": 16,
        "deaths": 27,
        "deathsPerRound": 0.52,
        "firstKillsDifference": 2,
        "flashAssists": 8,
        "hsKills": 17,
        "impact": 0.95,
        "killDeathsDifference": 10,
        "kills": 37,
        "killsPerRound": 0.71,
        "player": Object {
          "id": 17145,
          "name": "Rainwaker",
        },
        "rating1": 1.25,
      },
      Object {
        "ADR": 53.9,
        "KAST": 82.7,
        "assists": 8,
        "deaths": 26,
        "deathsPerRound": 0.5,
        "firstKillsDifference": 1,
        "flashAssists": 5,
        "hsKills": 13,
        "impact": 0.55,
        "killDeathsDifference": 0,
        "kills": 26,
        "killsPerRound": 0.5,
        "player": Object {
          "id": 18697,
          "name": "oxygeN",
        },
        "rating1": 1.02,
      },
    ],
    "team2": Array [
      Object {
        "ADR": 86.1,
        "KAST": 68.2,
        "assists": 5,
        "deaths": 12,
        "deathsPerRound": 0.63,
        "firstKillsDifference": -2,
        "flashAssists": 3,
        "hsKills": 6,
        "impact": 0.98,
        "killDeathsDifference": 7,
        "kills": 19,
        "killsPerRound": 0.81,
        "player": Object {
          "id": 12379,
          "name": "Impulse",
        },
        "rating1": 1.3,
      },
      Object {
        "ADR": 66.6,
        "KAST": 72.7,
        "assists": 5,
        "deaths": 15,
        "deathsPerRound": 0.71,
        "firstKillsDifference": 0,
        "flashAssists": 3,
        "hsKills": 7,
        "impact": 0.77,
        "killDeathsDifference": -2,
        "kills": 13,
        "killsPerRound": 0.6,
        "player": Object {
          "id": 4218,
          "name": "Dav",
        },
        "rating1": 1.02,
      },
      Object {
        "ADR": 76.5,
        "KAST": 77.3,
        "assists": 2,
        "deaths": 16,
        "deathsPerRound": 0.83,
        "firstKillsDifference": -3,
        "flashAssists": 0,
        "hsKills": 7,
        "impact": 0.66,
        "killDeathsDifference": 1,
        "kills": 17,
        "killsPerRound": 0.58,
        "player": Object {
          "id": 3732,
          "name": "DiMKE",
        },
        "rating1": 1.23,
      },
      Object {
        "ADR": 63.6,
        "KAST": 59.1,
        "assists": 6,
        "deaths": 14,
        "deathsPerRound": 0.79,
        "firstKillsDifference": -1,
        "flashAssists": 2,
        "hsKills": 4,
        "impact": 0.82,
        "killDeathsDifference": -4,
        "kills": 10,
        "killsPerRound": 0.42,
        "player": Object {
          "id": 3730,
          "name": "HOLMES",
        },
        "rating1": 0.98,
      },
      Object {
        "ADR": 60.2,
        "KAST": 77.3,
        "assists": 2,
        "deaths": 15,
        "deathsPerRound": 0.73,
        "firstKillsDifference": 2,
        "flashAssists": 0,
        "hsKills": 6,
        "impact": 0.42,
        "killDeathsDifference": -1,
        "kills": 14,
        "killsPerRound": 0.42,
        "player": Object {
          "id": 5351,
          "name": "aVN",
        },
        "rating1": 1.02,
      },
    ],
  },
  "result": Object {
    "team1MapsWon": 2,
    "team2MapsWon": 0,
  },
  "team1": Object {
    "id": 10386,
    "name": "SKADE",
  },
  "team2": Object {
    "id": 11001,
    "name": "ONYX",
  },
}
`;

exports[`getMatchStats 4`] = `
Object {
  "date": 1617377400000,
  "event": Object {
    "id": 5810,
    "name": "Funspark ULTI 2021 Europe Regional Series 1",
  },
  "id": 80328,
  "mapStatIds": Array [
    117608,
    117611,
    117622,
  ],
  "matchId": 2347664,
  "overview": Object {
    "bestRating2": Object {
      "id": 14932,
      "name": "faveN",
      "value": 1.29,
    },
    "clutchesWon": Object {
      "team1": 5,
      "team2": 4,
    },
    "firstKills": Object {
      "team1": 35,
      "team2": 48,
    },
    "mostAWPKills": Object {
      "id": 15370,
      "name": "slaxz-",
      "value": 33,
    },
    "mostAssists": Object {
      "id": 7511,
      "name": "denis",
      "value": 17,
    },
    "mostDamage": Object {
      "id": 7511,
      "name": "denis",
      "value": 90.2,
    },
    "mostFirstKills": Object {
      "id": 7511,
      "name": "denis",
      "value": 12,
    },
    "mostKills": Object {
      "id": 14932,
      "name": "faveN",
      "value": 70,
    },
  },
  "performanceOverview": Object {
    "team1": Object {
      "assists": 51,
      "deaths": 289,
      "kills": 266,
    },
    "team2": Object {
      "assists": 65,
      "deaths": 266,
      "kills": 288,
    },
  },
  "playerStats": Object {
    "team1": Array [
      Object {
        "ADR": 82.2,
        "KAST": 77.4,
        "assists": 8,
        "deaths": 35,
        "deathsPerRound": 0.66,
        "firstKillsDifference": 2,
        "flashAssists": 0,
        "hsKills": 19,
        "impact": 1.4,
        "killDeathsDifference": 8,
        "kills": 43,
        "killsPerRound": 0.81,
        "player": Object {
          "id": 18749,
          "name": "sausol",
        },
        "rating1": 1.25,
      },
      Object {
        "ADR": 86.1,
        "KAST": 70,
        "assists": 12,
        "deaths": 42,
        "deathsPerRound": 0.7,
        "firstKillsDifference": 3,
        "flashAssists": 1,
        "hsKills": 25,
        "impact": 1.35,
        "killDeathsDifference": 5,
        "kills": 47,
        "killsPerRound": 0.78,
        "player": Object {
          "id": 14007,
          "name": "tudsoN",
        },
        "rating1": 1.22,
      },
      Object {
        "ADR": 78.3,
        "KAST": 67.5,
        "assists": 11,
        "deaths": 59,
        "deathsPerRound": 0.71,
        "firstKillsDifference": 0,
        "flashAssists": 2,
        "hsKills": 24,
        "impact": 0.92,
        "killDeathsDifference": -10,
        "kills": 49,
        "killsPerRound": 0.59,
        "player": Object {
          "id": 11995,
          "name": "TMB",
        },
        "rating1": 0.99,
      },
      Object {
        "ADR": 69.1,
        "KAST": 67.5,
        "assists": 13,
        "deaths": 57,
        "deathsPerRound": 0.69,
        "firstKillsDifference": -7,
        "flashAssists": 3,
        "hsKills": 32,
        "impact": 0.98,
        "killDeathsDifference": -5,
        "kills": 52,
        "killsPerRound": 0.63,
        "player": Object {
          "id": 19206,
          "name": "jL",
        },
        "rating1": 0.96,
      },
      Object {
        "ADR": 60.8,
        "KAST": 66,
        "assists": 5,
        "deaths": 34,
        "deathsPerRound": 0.64,
        "firstKillsDifference": -6,
        "flashAssists": 0,
        "hsKills": 12,
        "impact": 0.63,
        "killDeathsDifference": 0,
        "kills": 34,
        "killsPerRound": 0.64,
        "player": Object {
          "id": 16885,
          "name": "Woro2k",
        },
        "rating1": 0.86,
      },
      Object {
        "ADR": 52.7,
        "KAST": 62.7,
        "assists": 14,
        "deaths": 62,
        "deathsPerRound": 0.75,
        "firstKillsDifference": -5,
        "flashAssists": 6,
        "hsKills": 17,
        "impact": 0.49,
        "killDeathsDifference": -21,
        "kills": 41,
        "killsPerRound": 0.49,
        "player": Object {
          "id": 14990,
          "name": "keen",
        },
        "rating1": 0.72,
      },
    ],
    "team2": Array [
      Object {
        "ADR": 73.2,
        "KAST": 73.7,
        "assists": 8,
        "deaths": 24,
        "deathsPerRound": 0.64,
        "firstKillsDifference": -2,
        "flashAssists": 2,
        "hsKills": 14,
        "impact": 1.36,
        "killDeathsDifference": 1,
        "kills": 25,
        "killsPerRound": 0.84,
        "player": Object {
          "id": 14932,
          "name": "faveN",
        },
        "rating1": 1.16,
      },
      Object {
        "ADR": 80.1,
        "KAST": 71.1,
        "assists": 9,
        "deaths": 29,
        "deathsPerRound": 0.72,
        "firstKillsDifference": 4,
        "flashAssists": 2,
        "hsKills": 16,
        "impact": 1.52,
        "killDeathsDifference": -2,
        "kills": 27,
        "killsPerRound": 0.8,
        "player": Object {
          "id": 7511,
          "name": "denis",
        },
        "rating1": 1.23,
      },
      Object {
        "ADR": 60.7,
        "KAST": 71.1,
        "assists": 4,
        "deaths": 27,
        "deathsPerRound": 0.61,
        "firstKillsDifference": 1,
        "flashAssists": 1,
        "hsKills": 10,
        "impact": 1.01,
        "killDeathsDifference": -5,
        "kills": 22,
        "killsPerRound": 0.61,
        "player": Object {
          "id": 12782,
          "name": "kressy",
        },
        "rating1": 1.01,
      },
      Object {
        "ADR": 68.5,
        "KAST": 76.3,
        "assists": 7,
        "deaths": 23,
        "deathsPerRound": 0.61,
        "firstKillsDifference": 3,
        "flashAssists": 2,
        "hsKills": 11,
        "impact": 1.07,
        "killDeathsDifference": 2,
        "kills": 25,
        "killsPerRound": 0.59,
        "player": Object {
          "id": 7499,
          "name": "Spiidi",
        },
        "rating1": 1.23,
      },
      Object {
        "ADR": 55.9,
        "KAST": 68.4,
        "assists": 17,
        "deaths": 25,
        "deathsPerRound": 0.61,
        "firstKillsDifference": -2,
        "flashAssists": 10,
        "hsKills": 6,
        "impact": 0.86,
        "killDeathsDifference": -7,
        "kills": 18,
        "killsPerRound": 0.63,
        "player": Object {
          "id": 15370,
          "name": "slaxz-",
        },
        "rating1": 0.89,
      },
    ],
  },
  "result": Object {
    "team1MapsWon": 1,
    "team2MapsWon": 2,
  },
  "team1": Object {
    "id": 8362,
    "name": "MAD Lions",
  },
  "team2": Object {
    "id": 8637,
    "name": "Sprout",
  },
}
`;
